#! /usr/bin/vvp
:ivl_version "12.0 (stable)";
:ivl_delay_selection "TYPICAL";
:vpi_time_precision + 0;
:vpi_module "/usr/lib/x86_64-linux-gnu/ivl/system.vpi";
:vpi_module "/usr/lib/x86_64-linux-gnu/ivl/vhdl_sys.vpi";
:vpi_module "/usr/lib/x86_64-linux-gnu/ivl/vhdl_textio.vpi";
:vpi_module "/usr/lib/x86_64-linux-gnu/ivl/v2005_math.vpi";
:vpi_module "/usr/lib/x86_64-linux-gnu/ivl/va_math.vpi";
S_0x6388441966b0 .scope module, "tb_mux" "tb_mux" 2 1;
 .timescale 0 0;
v0x6388441a8ed0_0 .var "a", 1 0;
v0x6388441a8f90_0 .var "s", 0 0;
v0x6388441a9060_0 .net "y", 0 0, L_0x6388441a9320;  1 drivers
S_0x638844196840 .scope module, "uut" "mux" 2 5, 3 1 0, S_0x6388441966b0;
 .timescale 0 0;
    .port_info 0 /INPUT 2 "a";
    .port_info 1 /INPUT 1 "s";
    .port_info 2 /OUTPUT 1 "y";
v0x638844183d20_0 .net *"_ivl_1", 0 0, L_0x6388441a9160;  1 drivers
v0x6388441a8ae0_0 .net *"_ivl_3", 0 0, L_0x6388441a9280;  1 drivers
v0x6388441a8bc0_0 .net "a", 1 0, v0x6388441a8ed0_0;  1 drivers
v0x6388441a8c80_0 .net "s", 0 0, v0x6388441a8f90_0;  1 drivers
v0x6388441a8d40_0 .net "y", 0 0, L_0x6388441a9320;  alias, 1 drivers
L_0x6388441a9160 .part v0x6388441a8ed0_0, 1, 1;
L_0x6388441a9280 .part v0x6388441a8ed0_0, 0, 1;
L_0x6388441a9320 .functor MUXZ 1, L_0x6388441a9280, L_0x6388441a9160, v0x6388441a8f90_0, C4<>;
    .scope S_0x6388441966b0;
T_0 ;
    %vpi_call 2 7 "$dumpfile", "mux.vcd" {0 0 0};
    %vpi_call 2 8 "$dumpvars", 32'sb00000000000000000000000000000000, S_0x6388441966b0 {0 0 0};
    %vpi_call 2 9 "$display", "time|a|s|y " {0 0 0};
    %vpi_call 2 10 "$monitor", "%0t   %b|%b|%b", $time, v0x6388441a8ed0_0, v0x6388441a8f90_0, v0x6388441a9060_0 {0 0 0};
    %pushi/vec4 0, 0, 2;
    %store/vec4 v0x6388441a8ed0_0, 0, 2;
    %pushi/vec4 0, 0, 1;
    %store/vec4 v0x6388441a8f90_0, 0, 1;
    %delay 5, 0;
    %pushi/vec4 1, 0, 2;
    %store/vec4 v0x6388441a8ed0_0, 0, 2;
    %pushi/vec4 0, 0, 1;
    %store/vec4 v0x6388441a8f90_0, 0, 1;
    %delay 5, 0;
    %pushi/vec4 2, 0, 2;
    %store/vec4 v0x6388441a8ed0_0, 0, 2;
    %pushi/vec4 0, 0, 1;
    %store/vec4 v0x6388441a8f90_0, 0, 1;
    %delay 5, 0;
    %pushi/vec4 3, 0, 2;
    %store/vec4 v0x6388441a8ed0_0, 0, 2;
    %pushi/vec4 0, 0, 1;
    %store/vec4 v0x6388441a8f90_0, 0, 1;
    %delay 5, 0;
    %pushi/vec4 0, 0, 2;
    %store/vec4 v0x6388441a8ed0_0, 0, 2;
    %pushi/vec4 1, 0, 1;
    %store/vec4 v0x6388441a8f90_0, 0, 1;
    %delay 5, 0;
    %pushi/vec4 1, 0, 2;
    %store/vec4 v0x6388441a8ed0_0, 0, 2;
    %pushi/vec4 1, 0, 1;
    %store/vec4 v0x6388441a8f90_0, 0, 1;
    %delay 5, 0;
    %pushi/vec4 2, 0, 2;
    %store/vec4 v0x6388441a8ed0_0, 0, 2;
    %pushi/vec4 1, 0, 1;
    %store/vec4 v0x6388441a8f90_0, 0, 1;
    %delay 5, 0;
    %pushi/vec4 3, 0, 2;
    %store/vec4 v0x6388441a8ed0_0, 0, 2;
    %pushi/vec4 1, 0, 1;
    %store/vec4 v0x6388441a8f90_0, 0, 1;
    %delay 5, 0;
    %vpi_call 2 19 "$finish" {0 0 0};
    %end;
    .thread T_0;
# The file index is used to find the file name in the following table.
:file_names 4;
    "N/A";
    "<interactive>";
    "tb_mux.v";
    "mux.v";
