#! /usr/bin/vvp
:ivl_version "12.0 (stable)";
:ivl_delay_selection "TYPICAL";
:vpi_time_precision + 0;
:vpi_module "/usr/lib/x86_64-linux-gnu/ivl/system.vpi";
:vpi_module "/usr/lib/x86_64-linux-gnu/ivl/vhdl_sys.vpi";
:vpi_module "/usr/lib/x86_64-linux-gnu/ivl/vhdl_textio.vpi";
:vpi_module "/usr/lib/x86_64-linux-gnu/ivl/v2005_math.vpi";
:vpi_module "/usr/lib/x86_64-linux-gnu/ivl/va_math.vpi";
S_0x55b9addd3bf0 .scope module, "tb_decoder" "tb_decoder" 2 1;
 .timescale 0 0;
v0x55b9adde8ca0_0 .var "s0", 0 0;
v0x55b9adde8d60_0 .var "s1", 0 0;
v0x55b9adde8e00_0 .net "y0", 0 0, L_0x55b9adde9290;  1 drivers
v0x55b9adde8ea0_0 .net "y1", 0 0, L_0x55b9adde9490;  1 drivers
v0x55b9adde8f70_0 .net "y2", 0 0, L_0x55b9adde9650;  1 drivers
v0x55b9adde9010_0 .net "y3", 0 0, L_0x55b9adde9750;  1 drivers
S_0x55b9addd3d80 .scope module, "uut" "decoder" 2 4, 3 1 0, S_0x55b9addd3bf0;
 .timescale 0 0;
    .port_info 0 /OUTPUT 1 "y0";
    .port_info 1 /OUTPUT 1 "y1";
    .port_info 2 /OUTPUT 1 "y2";
    .port_info 3 /OUTPUT 1 "y3";
    .port_info 4 /INPUT 1 "s0";
    .port_info 5 /INPUT 1 "s1";
L_0x55b9adde90e0 .functor NOT 1, v0x55b9adde8ca0_0, C4<0>, C4<0>, C4<0>;
L_0x55b9adde91d0 .functor NOT 1, v0x55b9adde8d60_0, C4<0>, C4<0>, C4<0>;
L_0x55b9adde9290 .functor AND 1, L_0x55b9adde90e0, L_0x55b9adde91d0, C4<1>, C4<1>;
L_0x55b9adde93f0 .functor NOT 1, v0x55b9adde8ca0_0, C4<0>, C4<0>, C4<0>;
L_0x55b9adde9490 .functor AND 1, L_0x55b9adde93f0, v0x55b9adde8d60_0, C4<1>, C4<1>;
L_0x55b9adde95a0 .functor NOT 1, v0x55b9adde8d60_0, C4<0>, C4<0>, C4<0>;
L_0x55b9adde9650 .functor AND 1, v0x55b9adde8ca0_0, L_0x55b9adde95a0, C4<1>, C4<1>;
L_0x55b9adde9750 .functor AND 1, v0x55b9adde8ca0_0, v0x55b9adde8d60_0, C4<1>, C4<1>;
v0x55b9addc3870_0 .net *"_ivl_0", 0 0, L_0x55b9adde90e0;  1 drivers
v0x55b9adde8490_0 .net *"_ivl_10", 0 0, L_0x55b9adde95a0;  1 drivers
v0x55b9adde8570_0 .net *"_ivl_2", 0 0, L_0x55b9adde91d0;  1 drivers
v0x55b9adde8630_0 .net *"_ivl_6", 0 0, L_0x55b9adde93f0;  1 drivers
v0x55b9adde8710_0 .net "s0", 0 0, v0x55b9adde8ca0_0;  1 drivers
v0x55b9adde8820_0 .net "s1", 0 0, v0x55b9adde8d60_0;  1 drivers
v0x55b9adde88e0_0 .net "y0", 0 0, L_0x55b9adde9290;  alias, 1 drivers
v0x55b9adde89a0_0 .net "y1", 0 0, L_0x55b9adde9490;  alias, 1 drivers
v0x55b9adde8a60_0 .net "y2", 0 0, L_0x55b9adde9650;  alias, 1 drivers
v0x55b9adde8b20_0 .net "y3", 0 0, L_0x55b9adde9750;  alias, 1 drivers
    .scope S_0x55b9addd3bf0;
T_0 ;
    %vpi_call 2 6 "$dumpfile", "tb_decoder.vcd" {0 0 0};
    %vpi_call 2 7 "$dumpvars", 32'sb00000000000000000000000000000000, S_0x55b9addd3bf0 {0 0 0};
    %vpi_call 2 9 "$display", "time  s0 s1 y0 y1  y2  y3" {0 0 0};
    %vpi_call 2 10 "$monitor", "%t %b %b %b %b %b %b ", $time, v0x55b9adde8ca0_0, v0x55b9adde8d60_0, v0x55b9adde8e00_0, v0x55b9adde8ea0_0, v0x55b9adde8f70_0, v0x55b9adde9010_0 {0 0 0};
    %pushi/vec4 0, 0, 1;
    %store/vec4 v0x55b9adde8ca0_0, 0, 1;
    %pushi/vec4 0, 0, 1;
    %store/vec4 v0x55b9adde8d60_0, 0, 1;
    %delay 10, 0;
    %pushi/vec4 0, 0, 1;
    %store/vec4 v0x55b9adde8ca0_0, 0, 1;
    %pushi/vec4 1, 0, 1;
    %store/vec4 v0x55b9adde8d60_0, 0, 1;
    %delay 10, 0;
    %pushi/vec4 1, 0, 1;
    %store/vec4 v0x55b9adde8ca0_0, 0, 1;
    %pushi/vec4 0, 0, 1;
    %store/vec4 v0x55b9adde8d60_0, 0, 1;
    %delay 10, 0;
    %pushi/vec4 1, 0, 1;
    %store/vec4 v0x55b9adde8ca0_0, 0, 1;
    %pushi/vec4 1, 0, 1;
    %store/vec4 v0x55b9adde8d60_0, 0, 1;
    %delay 10, 0;
    %vpi_call 2 15 "$finish" {0 0 0};
    %end;
    .thread T_0;
# The file index is used to find the file name in the following table.
:file_names 4;
    "N/A";
    "<interactive>";
    "tb_decoder.v";
    "decoder.v";
