#! /usr/bin/vvp
:ivl_version "12.0 (stable)";
:ivl_delay_selection "TYPICAL";
:vpi_time_precision + 0;
:vpi_module "/usr/lib/x86_64-linux-gnu/ivl/system.vpi";
:vpi_module "/usr/lib/x86_64-linux-gnu/ivl/vhdl_sys.vpi";
:vpi_module "/usr/lib/x86_64-linux-gnu/ivl/vhdl_textio.vpi";
:vpi_module "/usr/lib/x86_64-linux-gnu/ivl/v2005_math.vpi";
:vpi_module "/usr/lib/x86_64-linux-gnu/ivl/va_math.vpi";
S_0x5f845d0d9660 .scope module, "tb_mux" "tb_mux" 2 1;
 .timescale 0 0;
v0x5f845d0ebf70_0 .var "a", 0 0;
v0x5f845d0ec030_0 .var "b", 0 0;
v0x5f845d0ec100_0 .var "s", 0 0;
v0x5f845d0ec200_0 .net "y", 0 0, L_0x5f845d0ec2d0;  1 drivers
S_0x5f845d0d97f0 .scope module, "uut" "mux" 2 5, 3 1 0, S_0x5f845d0d9660;
 .timescale 0 0;
    .port_info 0 /INPUT 1 "a";
    .port_info 1 /INPUT 1 "b";
    .port_info 2 /INPUT 1 "s";
    .port_info 3 /OUTPUT 1 "y";
v0x5f845d0c60f0_0 .net "a", 0 0, v0x5f845d0ebf70_0;  1 drivers
v0x5f845d0ebc70_0 .net "b", 0 0, v0x5f845d0ec030_0;  1 drivers
v0x5f845d0ebd30_0 .net "s", 0 0, v0x5f845d0ec100_0;  1 drivers
v0x5f845d0ebe00_0 .net "y", 0 0, L_0x5f845d0ec2d0;  alias, 1 drivers
L_0x5f845d0ec2d0 .functor MUXZ 1, v0x5f845d0ebf70_0, v0x5f845d0ec030_0, v0x5f845d0ec100_0, C4<>;
    .scope S_0x5f845d0d9660;
T_0 ;
    %vpi_call 2 7 "$dumpfile", "mux.vcd" {0 0 0};
    %vpi_call 2 8 "$dumpvars", 32'sb00000000000000000000000000000000, S_0x5f845d0d9660 {0 0 0};
    %vpi_call 2 9 "$display", "time|a|b|s|y " {0 0 0};
    %vpi_call 2 10 "$monitor", "%0t   %b|%b|%b|%b", $time, v0x5f845d0ebf70_0, v0x5f845d0ec030_0, v0x5f845d0ec100_0, v0x5f845d0ec200_0 {0 0 0};
    %pushi/vec4 0, 0, 1;
    %store/vec4 v0x5f845d0ebf70_0, 0, 1;
    %pushi/vec4 0, 0, 1;
    %store/vec4 v0x5f845d0ec030_0, 0, 1;
    %pushi/vec4 0, 0, 1;
    %store/vec4 v0x5f845d0ec100_0, 0, 1;
    %delay 5, 0;
    %pushi/vec4 0, 0, 1;
    %store/vec4 v0x5f845d0ebf70_0, 0, 1;
    %pushi/vec4 1, 0, 1;
    %store/vec4 v0x5f845d0ec030_0, 0, 1;
    %pushi/vec4 0, 0, 1;
    %store/vec4 v0x5f845d0ec100_0, 0, 1;
    %delay 5, 0;
    %pushi/vec4 1, 0, 1;
    %store/vec4 v0x5f845d0ebf70_0, 0, 1;
    %pushi/vec4 0, 0, 1;
    %store/vec4 v0x5f845d0ec030_0, 0, 1;
    %pushi/vec4 0, 0, 1;
    %store/vec4 v0x5f845d0ec100_0, 0, 1;
    %delay 5, 0;
    %pushi/vec4 1, 0, 1;
    %store/vec4 v0x5f845d0ebf70_0, 0, 1;
    %pushi/vec4 1, 0, 1;
    %store/vec4 v0x5f845d0ec030_0, 0, 1;
    %pushi/vec4 0, 0, 1;
    %store/vec4 v0x5f845d0ec100_0, 0, 1;
    %delay 5, 0;
    %pushi/vec4 0, 0, 1;
    %store/vec4 v0x5f845d0ebf70_0, 0, 1;
    %pushi/vec4 0, 0, 1;
    %store/vec4 v0x5f845d0ec030_0, 0, 1;
    %pushi/vec4 1, 0, 1;
    %store/vec4 v0x5f845d0ec100_0, 0, 1;
    %delay 5, 0;
    %pushi/vec4 0, 0, 1;
    %store/vec4 v0x5f845d0ebf70_0, 0, 1;
    %pushi/vec4 1, 0, 1;
    %store/vec4 v0x5f845d0ec030_0, 0, 1;
    %pushi/vec4 1, 0, 1;
    %store/vec4 v0x5f845d0ec100_0, 0, 1;
    %delay 5, 0;
    %pushi/vec4 1, 0, 1;
    %store/vec4 v0x5f845d0ebf70_0, 0, 1;
    %pushi/vec4 0, 0, 1;
    %store/vec4 v0x5f845d0ec030_0, 0, 1;
    %pushi/vec4 1, 0, 1;
    %store/vec4 v0x5f845d0ec100_0, 0, 1;
    %delay 5, 0;
    %pushi/vec4 1, 0, 1;
    %store/vec4 v0x5f845d0ebf70_0, 0, 1;
    %pushi/vec4 1, 0, 1;
    %store/vec4 v0x5f845d0ec030_0, 0, 1;
    %pushi/vec4 1, 0, 1;
    %store/vec4 v0x5f845d0ec100_0, 0, 1;
    %delay 5, 0;
    %vpi_call 2 20 "$finish" {0 0 0};
    %end;
    .thread T_0;
# The file index is used to find the file name in the following table.
:file_names 4;
    "N/A";
    "<interactive>";
    "tb_mux.v";
    "mux.v";
